// Jest Snapshot v1, https://goo.gl/fbAQLP

exports[`BkCollapse component Should be render correctly 1`] = `
<div
  class="container not-expanded"
>
  <div
    class="header"
  >
    <p
      class="title"
      name="header"
    >
      
    </p>
     
    <div
      class="arrow-container"
    >
      <!---->
       
      <i
        class="material-icons icon"
      >
        keyboard_arrow_down
      </i>
    </div>
  </div>
   
  <!---->
</div>
`;
